// Jest Snapshot v1, https://goo.gl/fbAQLP

exports[`<Articles /> should render the Articles component 1`] = `undefined`;
