// Jest Snapshot v1, https://goo.gl/fbAQLP

exports[`profile container should render correctly 1`] = `
<Provider
  store={
    Object {
      "default": [MockFunction],
      "dispatch": [MockFunction],
      "getState": [Function],
      "subscribe": [MockFunction],
    }
  }
>
  <EditProfilePage>
    <EditProfile
      onChange={[Function]}
      onClick={[Function]}
      onSubmit={[Function]}
    >
      <div
        className="container"
      >
        <h1
          className="title"
        >
          Edit Profile
        </h1>
        <hr />
        <div
          className="row"
        >
          <div
            className="col-md-3"
          >
            <div
              className="text-center"
            >
              <img
                alt="avatar"
                className="img-fluid"
                src="https://scontent-jnb1-1.xx.fbcdn.net/v/t1.0-9/46369806_2116095768452511_152387389577232384_n.jpg?_nc_cat=106&_nc_ht=scontent-jnb1-1.xx&oh=6a5c22acd1b1a9e9058cf07f10c8426f&oe=5CAA0106"
              />
              <h6>
                Upload a different photo...
              </h6>
              <input
                className="form-control"
                onInput={[Function]}
                type="file"
              />
              <div
                className="col-lg-8 mt-2"
              >
                <button
                  className="btn button"
                  type="submit"
                >
                  Save Changes
                </button>
              </div>
            </div>
          </div>
          <div
            className="col-md-9 personal-info"
          >
            <h3
              className="pl-3"
            >
              Personal info
            </h3>
            <form
              className="form-horizontal"
              onSubmit={[Function]}
            >
              <FormInput
                el={
                  Object {
                    "elementId": "first_name",
                    "inputType": "text",
                    "placeholder": "First Name",
                  }
                }
                key="first_name"
                onChange={[Function]}
              >
                <div
                  className="form-group"
                >
                  <input
                    className="form-control"
                    id="first_name"
                    name="first_name"
                    onChange={[Function]}
                    placeholder="First Name"
                    type="text"
                  />
                </div>
              </FormInput>
              <FormInput
                el={
                  Object {
                    "elementId": "last_name",
                    "inputType": "text",
                    "placeholder": "Last Name",
                  }
                }
                key="last_name"
                onChange={[Function]}
              >
                <div
                  className="form-group"
                >
                  <input
                    className="form-control"
                    id="last_name"
                    name="last_name"
                    onChange={[Function]}
                    placeholder="Last Name"
                    type="text"
                  />
                </div>
              </FormInput>
              <textarea
                className="form-control"
                id="exampleFormControlTextarea1"
                name="bio"
                onChange={[Function]}
                placeholder="Tell us something about yourself."
                rows="3"
              />
              <div
                className="col-lg-8"
              >
                <button
                  className="btn  btn-outline-primary mt-4 button"
                  onClick={[Function]}
                  type="submit"
                >
                  Save Changes
                </button>
                <span
                  className="mr-2"
                />
                <button
                  className="btn btn-outline-danger mt-4"
                  type="submit"
                >
                  Cancel
                </button>
              </div>
            </form>
          </div>
        </div>
      </div>
    </EditProfile>
  </EditProfilePage>
</Provider>
`;
